Alzheimer's disease (late onset)	2.5	http://www.ncbi.nlm.nih.gov/pubmed/23565137	***	rs519113
