Alzheimer's disease (late onset)	0.6	http://www.ncbi.nlm.nih.gov/pubmed/23565137	***	rs519113
