Alzheimer's disease (late onset)	1.2	http://www.ncbi.nlm.nih.gov/pubmed/23565137	***	rs519113
